============================= test session starts ==============================
platform linux -- Python 3.12.3, pytest-9.0.2, pluggy-1.6.0 -- /usr/bin/python
cachedir: .pytest_cache
rootdir: /home/runner/work/TicketForge/TicketForge
plugins: anyio-4.12.1, asyncio-1.3.0
asyncio: mode=Mode.STRICT, debug=False, asyncio_default_fixture_loop_scope=None, asyncio_default_test_loop_scope=function
collecting ... collected 80 items

tests/test_competitive_features.py::TestSentiment::test_sentiment_enum_values PASSED [  1%]
tests/test_competitive_features.py::TestSentiment::test_sentiment_result_defaults PASSED [  2%]
tests/test_competitive_features.py::TestSentiment::test_sentiment_result_with_values PASSED [  3%]
tests/test_competitive_features.py::TestSentiment::test_enriched_ticket_has_sentiment PASSED [  5%]
tests/test_competitive_features.py::TestSentiment::test_enriched_ticket_default_sentiment PASSED [  6%]
tests/test_competitive_features.py::TestTicketStatus::test_ticket_status_enum_values PASSED [  7%]
tests/test_competitive_features.py::TestTicketStatus::test_ticket_status_update_model PASSED [  8%]
tests/test_competitive_features.py::TestTicketStatus::test_enriched_ticket_default_status PASSED [ 10%]
tests/test_competitive_features.py::TestTicketStatus::test_status_update_requires_analyst PASSED [ 11%]
tests/test_competitive_features.py::TestTicketStatus::test_status_update_not_found PASSED [ 12%]
tests/test_competitive_features.py::TestTicketStatus::test_status_update_invalid_status PASSED [ 13%]
tests/test_competitive_features.py::TestLanguageDetection::test_enriched_ticket_default_language PASSED [ 15%]
tests/test_competitive_features.py::TestLanguageDetection::test_enriched_ticket_custom_language PASSED [ 16%]
tests/test_competitive_features.py::TestLLMProvider::test_default_provider_is_ollama PASSED [ 17%]
tests/test_competitive_features.py::TestLLMProvider::test_openai_provider_creation PASSED [ 18%]
tests/test_competitive_features.py::TestLLMProvider::test_provider_name_case_insensitive PASSED [ 20%]
tests/test_competitive_features.py::TestLLMProvider::test_unknown_provider_defaults_to_ollama PASSED [ 21%]
tests/test_competitive_features.py::TestNotifications::test_should_notify_high_priority PASSED [ 22%]
tests/test_competitive_features.py::TestNotifications::test_should_notify_critical_priority PASSED [ 23%]
tests/test_competitive_features.py::TestNotifications::test_should_not_notify_low_priority PASSED [ 25%]
tests/test_competitive_features.py::TestNotifications::test_should_not_notify_medium_priority PASSED [ 26%]
tests/test_competitive_features.py::TestNotifications::test_should_notify_sla_breach PASSED [ 27%]
tests/test_competitive_features.py::TestNotifications::test_should_notify_sla_at_risk PASSED [ 28%]
tests/test_competitive_features.py::TestNotifications::test_should_not_notify_without_webhooks PASSED [ 30%]
tests/test_competitive_features.py::TestNotifications::test_slack_message_format PASSED [ 31%]
tests/test_competitive_features.py::TestNotifications::test_teams_message_format PASSED [ 32%]
tests/test_competitive_features.py::TestNotifications::test_slack_message_includes_automation PASSED [ 33%]
tests/test_competitive_features.py::TestNotifications::test_notification_with_custom_threshold PASSED [ 35%]
tests/test_competitive_features.py::TestExportNewFields::test_csv_export_has_new_headers PASSED [ 36%]
tests/test_competitive_features.py::TestExportNewFields::test_json_export_empty_with_new_fields PASSED [ 37%]
tests/test_competitive_features.py::TestNewConfig::test_default_llm_provider PASSED [ 38%]
tests/test_competitive_features.py::TestNewConfig::test_default_openai_settings PASSED [ 40%]
tests/test_competitive_features.py::TestNewConfig::test_default_slack_settings PASSED [ 41%]
tests/test_enterprise_features.py::TestRBAC::test_no_api_key_returns_422 PASSED [ 42%]
tests/test_enterprise_features.py::TestRBAC::test_invalid_api_key_returns_401 PASSED [ 43%]
tests/test_enterprise_features.py::TestRBAC::test_viewer_can_access_tickets PASSED [ 45%]
tests/test_enterprise_features.py::TestRBAC::test_viewer_cannot_analyse PASSED [ 46%]
tests/test_enterprise_features.py::TestRBAC::test_viewer_cannot_access_audit_logs PASSED [ 47%]
tests/test_enterprise_features.py::TestRBAC::test_analyst_cannot_access_audit_logs PASSED [ 48%]
tests/test_enterprise_features.py::TestRBAC::test_admin_can_access_audit_logs PASSED [ 50%]
tests/test_enterprise_features.py::TestRBAC::test_viewer_can_access_analytics PASSED [ 51%]
tests/test_enterprise_features.py::TestRBAC::test_viewer_can_export PASSED [ 52%]
tests/test_enterprise_features.py::TestSLA::test_sla_within PASSED       [ 53%]
tests/test_enterprise_features.py::TestSLA::test_sla_breached PASSED     [ 55%]
tests/test_enterprise_features.py::TestSLA::test_sla_at_risk PASSED      [ 56%]
tests/test_enterprise_features.py::TestSLA::test_sla_low_priority_defaults PASSED [ 57%]
tests/test_enterprise_features.py::TestSLA::test_sla_naive_datetime_handled PASSED [ 58%]
tests/test_enterprise_features.py::TestAnalytics::test_empty_analytics PASSED [ 60%]
tests/test_enterprise_features.py::TestAnalytics::test_analytics_with_custom_days PASSED [ 61%]
tests/test_enterprise_features.py::TestExport::test_export_json_empty PASSED [ 62%]
tests/test_enterprise_features.py::TestExport::test_export_csv_empty PASSED [ 63%]
tests/test_enterprise_features.py::TestAuditLog::test_audit_log_pagination PASSED [ 65%]
tests/test_enterprise_features.py::TestAuditLog::test_actions_are_audited PASSED [ 66%]
tests/test_enterprise_features.py::TestBulkAnalysis::test_bulk_requires_analyst_role PASSED [ 67%]
tests/test_enterprise_features.py::TestBulkAnalysis::test_bulk_empty_list_rejected PASSED [ 68%]
tests/test_enterprise_features.py::TestHealth::test_health_check PASSED  [ 70%]
tests/test_enterprise_features.py::TestModels::test_role_enum PASSED     [ 71%]
tests/test_enterprise_features.py::TestModels::test_sla_status_enum PASSED [ 72%]
tests/test_enterprise_features.py::TestModels::test_export_format_enum PASSED [ 73%]
tests/test_enterprise_features.py::TestModels::test_bulk_analyse_request_validation PASSED [ 75%]
tests/test_enterprise_features.py::TestModels::test_enriched_ticket_has_sla_field PASSED [ 76%]
tests/test_phase2_features.py::TestSuggestResponse::test_suggest_response_requires_analyst PASSED [ 77%]
tests/test_phase2_features.py::TestSuggestResponse::test_suggest_response_ticket_not_found PASSED [ 78%]
tests/test_phase2_features.py::TestSuggestResponse::test_suggest_response_requires_ticket_id PASSED [ 80%]
tests/test_phase2_features.py::TestSuggestResponse::test_suggest_response_request_model PASSED [ 81%]
tests/test_phase2_features.py::TestSuggestResponse::test_suggest_response_request_defaults PASSED [ 82%]
tests/test_phase2_features.py::TestSuggestResponse::test_suggested_response_model PASSED [ 83%]
tests/test_phase2_features.py::TestSuggestResponse::test_suggested_response_defaults PASSED [ 85%]
tests/test_phase2_features.py::TestSuggestResponse::test_suggest_response_response_model PASSED [ 86%]
tests/test_phase2_features.py::TestDuplicateDetection::test_detect_duplicates_requires_analyst PASSED [ 87%]
tests/test_phase2_features.py::TestDuplicateDetection::test_detect_duplicates_ticket_not_found PASSED [ 88%]
tests/test_phase2_features.py::TestDuplicateDetection::test_detect_duplicates_requires_input PASSED [ 90%]
tests/test_phase2_features.py::TestDuplicateDetection::test_detect_duplicates_with_text_empty_db PASSED [ 91%]
tests/test_phase2_features.py::TestDuplicateDetection::test_detect_duplicates_request_model PASSED [ 92%]
tests/test_phase2_features.py::TestDuplicateDetection::test_detect_duplicates_request_defaults PASSED [ 93%]
tests/test_phase2_features.py::TestDuplicateDetection::test_duplicate_candidate_model PASSED [ 95%]
tests/test_phase2_features.py::TestDuplicateDetection::test_detect_duplicates_response_model PASSED [ 96%]
tests/test_phase2_features.py::TestDashboard::test_dashboard_returns_html PASSED [ 97%]
tests/test_phase2_features.py::TestDashboard::test_dashboard_contains_key_elements PASSED [ 98%]
tests/test_phase2_features.py::TestDashboard::test_dashboard_no_auth_required PASSED [100%]

============================== 80 passed in 2.64s ==============================
